RAM Allocation [bytes]
Variable                                                                          Address   Size
------------------------------------------------------------------------------------------------

EEPROM Allocation [bytes]
Variable                                                                          Address   Size
------------------------------------------------------------------------------------------------

Register Allocation
Variable                                                                          Register  Size
------------------------------------------------------------------------------------------------
chout                                                                             R4,R5        2

FLASH Allocation [words]
Function                                                                          Address   Size
------------------------------------------------------------------------------------------------
main                                                                              0x0004E     25
